// Jest Snapshot v1, https://goo.gl/fbAQLP

exports[`<Popup /> renders Popup Component correctly 1`] = `null`;
